2026-07-30 22:57:23,012 - INFO - main.py:31 - main - Starting to fetch XML data from https://www.mostcomputers.bg/api/product/xml
2026-07-30 22:57:27,194 - INFO - main.py:33 - main - XML data fetched successfully
2026-07-30 22:57:27,194 - INFO - main.py:36 - main - Parsing XML data
2026-07-30 22:57:27,454 - INFO - main.py:38 - main - XML data parsed successfully
2026-07-30 22:57:27,454 - INFO - main.py:41 - main - Creating database tables
2026-07-30 22:57:27,476 - INFO - main.py:43 - main - Database tables created successfully
2026-07-30 22:57:27,476 - INFO - main.py:46 - main - Inserting products into the database
2026-07-30 22:57:27,604 - INFO - main.py:48 - main - Products inserted successfully
2026-07-30 22:57:27,604 - INFO - main.py:52 - main - Total execution time: 4.59 seconds
2026-07-30 22:59:27,630 - INFO - main.py:31 - main - Starting to fetch XML data from https://www.mostcomputers.bg/api/product/xml
2026-07-30 22:59:31,731 - INFO - main.py:33 - main - XML data fetched successfully
2026-07-30 22:59:31,732 - INFO - main.py:36 - main - Parsing XML data
2026-07-30 22:59:31,996 - INFO - main.py:39 - main - XML data parsed successfully
2026-07-30 22:59:31,996 - INFO - main.py:42 - main - Creating database tables
2026-07-30 22:59:32,008 - INFO - main.py:44 - main - Database tables created successfully
2026-07-30 22:59:32,008 - INFO - main.py:47 - main - Inserting products into the database
2026-07-30 22:59:32,114 - INFO - main.py:49 - main - Products inserted successfully
2026-07-30 22:59:32,114 - INFO - main.py:53 - main - Total execution time: 4.48 seconds
2026-07-30 23:01:42,127 - INFO - main.py:31 - main - Starting to fetch XML data from https://www.mostcomputers.bg/api/product/xml
2026-07-30 23:01:46,339 - INFO - main.py:33 - main - XML data fetched successfully
2026-07-30 23:01:46,339 - INFO - main.py:36 - main - Parsing XML data
2026-07-30 23:01:46,615 - INFO - main.py:39 - main - XML data parsed successfully
2026-07-30 23:01:46,615 - INFO - main.py:42 - main - Creating database tables
2026-07-30 23:01:46,628 - INFO - main.py:44 - main - Database tables created successfully
2026-07-30 23:01:46,628 - INFO - main.py:47 - main - Inserting products into the database
2026-07-30 23:01:52,463 - INFO - main.py:49 - main - Products inserted successfully
2026-07-30 23:01:52,463 - INFO - main.py:53 - main - Total execution time: 10.34 seconds
2026-07-30 23:02:17,503 - INFO - main.py:31 - main - Starting to fetch XML data from https://www.mostcomputers.bg/api/product/xml
2026-07-30 23:02:21,068 - INFO - main.py:33 - main - XML data fetched successfully
2026-07-30 23:02:21,068 - INFO - main.py:36 - main - Parsing XML data
2026-07-30 23:02:21,298 - INFO - main.py:39 - main - XML data parsed successfully
2026-07-30 23:02:21,298 - INFO - main.py:42 - main - Creating database tables
2026-07-30 23:02:21,310 - INFO - main.py:44 - main - Database tables created successfully
2026-07-30 23:02:21,310 - INFO - main.py:47 - main - Inserting products into the database
2026-07-30 23:02:26,463 - INFO - main.py:49 - main - Products inserted successfully
2026-07-30 23:02:26,463 - INFO - main.py:53 - main - Total execution time: 8.96 seconds
2026-07-30 23:03:57,136 - INFO - main.py:31 - main - Starting to fetch XML data from https://www.mostcomputers.bg/api/product/xml
2026-07-30 23:04:01,343 - INFO - main.py:33 - main - XML data fetched successfully
2026-07-30 23:04:01,344 - INFO - main.py:36 - main - Parsing XML data
2026-07-30 23:04:01,724 - INFO - main.py:39 - main - XML data parsed successfully
2026-07-30 23:04:01,724 - INFO - main.py:42 - main - Creating database tables
2026-07-30 23:04:01,756 - INFO - main.py:44 - main - Database tables created successfully
2026-07-30 23:04:01,757 - INFO - main.py:47 - main - Inserting products into the database
2026-07-30 23:04:07,716 - INFO - main.py:49 - main - Products inserted successfully
2026-07-30 23:04:07,716 - INFO - main.py:53 - main - Total execution time: 10.58 seconds
2026-07-30 23:04:21,783 - INFO - main.py:31 - main - Starting to fetch XML data from https://www.mostcomputers.bg/api/product/xml
2026-07-30 23:04:25,263 - INFO - main.py:33 - main - XML data fetched successfully
2026-07-30 23:04:25,264 - INFO - main.py:36 - main - Parsing XML data
2026-07-30 23:04:25,653 - INFO - main.py:39 - main - XML data parsed successfully
2026-07-30 23:04:25,653 - INFO - main.py:42 - main - Creating database tables
2026-07-30 23:04:25,665 - INFO - main.py:44 - main - Database tables created successfully
2026-07-30 23:04:25,665 - INFO - main.py:47 - main - Inserting products into the database
2026-07-30 23:04:31,423 - INFO - main.py:49 - main - Products inserted successfully
2026-07-30 23:04:31,423 - INFO - main.py:53 - main - Total execution time: 9.64 seconds
2026-07-30 23:10:17,489 - INFO - main.py:31 - main - Starting to fetch XML data from https://www.mostcomputers.bg/api/product/xml
2026-07-30 23:10:21,859 - INFO - main.py:33 - main - XML data fetched successfully
2026-07-30 23:10:21,860 - INFO - main.py:36 - main - Parsing XML data
2026-07-30 23:10:22,094 - INFO - main.py:39 - main - XML data parsed successfully
2026-07-30 23:10:22,094 - INFO - main.py:42 - main - Creating database tables
2026-07-30 23:10:22,106 - INFO - main.py:44 - main - Database tables created successfully
2026-07-30 23:10:22,106 - INFO - main.py:47 - main - Inserting products into the database
2026-07-30 23:10:27,393 - INFO - main.py:49 - main - Products inserted successfully
2026-07-30 23:10:27,393 - INFO - main.py:53 - main - Total execution time: 9.90 seconds
2026-07-30 23:11:15,904 - INFO - main.py:31 - main - Starting to fetch XML data from https://www.mostcomputers.bg/api/product/xml
2026-07-30 23:11:19,437 - INFO - main.py:33 - main - XML data fetched successfully
2026-07-30 23:11:19,438 - INFO - main.py:36 - main - Parsing XML data
2026-07-30 23:11:19,670 - INFO - main.py:39 - main - XML data parsed successfully
2026-07-30 23:11:19,670 - INFO - main.py:42 - main - Creating database tables
2026-07-30 23:11:19,682 - INFO - main.py:44 - main - Database tables created successfully
2026-07-30 23:11:19,682 - INFO - main.py:47 - main - Inserting products into the database
2026-07-30 23:11:24,907 - INFO - main.py:49 - main - Products inserted successfully
2026-07-30 23:11:24,907 - INFO - main.py:53 - main - Total execution time: 9.00 seconds
2026-07-30 23:11:49,658 - INFO - main.py:31 - main - Starting to fetch XML data from https://www.mostcomputers.bg/api/product/xml
2026-07-30 23:11:53,145 - INFO - main.py:33 - main - XML data fetched successfully
2026-07-30 23:11:53,145 - INFO - main.py:36 - main - Parsing XML data
2026-07-30 23:11:53,379 - INFO - main.py:39 - main - XML data parsed successfully
2026-07-30 23:11:53,379 - INFO - main.py:42 - main - Creating database tables
2026-07-30 23:11:53,406 - INFO - main.py:44 - main - Database tables created successfully
2026-07-30 23:11:53,406 - INFO - main.py:47 - main - Inserting products into the database
2026-07-30 23:11:55,741 - INFO - main.py:49 - main - Products inserted successfully
2026-07-30 23:11:55,742 - INFO - main.py:53 - main - Total execution time: 6.08 seconds
2026-07-30 23:40:24,461 - INFO - main.py:31 - main - Starting to fetch XML data from https://www.mostcomputers.bg/api/product/xml
2026-07-30 23:40:29,478 - INFO - main.py:33 - main - XML data fetched successfully
2026-07-30 23:40:29,478 - INFO - main.py:36 - main - Parsing XML data
2026-07-30 23:40:29,704 - INFO - main.py:38 - main - XML data parsed successfully
2026-07-30 23:40:29,704 - INFO - main.py:41 - main - Creating database tables
2026-07-30 23:40:29,718 - INFO - main.py:43 - main - Database tables created successfully
2026-07-30 23:40:29,718 - INFO - main.py:46 - main - Inserting products into the database
2026-07-30 23:40:32,062 - INFO - main.py:48 - main - Products inserted successfully
2026-07-30 23:40:32,062 - INFO - main.py:52 - main - Total execution time: 7.60 seconds
2026-08-01 08:02:57,306 - INFO - main.py:31 - main - Starting to fetch XML data from https://www.mostcomputers.bg/api/product/xml
2026-08-01 08:03:01,651 - INFO - main.py:33 - main - XML data fetched successfully
2026-08-01 08:03:01,651 - INFO - main.py:36 - main - Parsing XML data
2026-08-01 08:03:01,887 - INFO - main.py:38 - main - XML data parsed successfully
2026-08-01 08:03:01,887 - INFO - main.py:41 - main - Creating database tables
2026-08-01 08:03:01,917 - INFO - main.py:43 - main - Database tables created successfully
2026-08-01 08:03:01,917 - INFO - main.py:46 - main - Inserting products into the database
2026-08-01 08:03:04,267 - INFO - main.py:48 - main - Products inserted successfully
2026-08-01 08:03:04,267 - INFO - main.py:52 - main - Total execution time: 6.96 seconds
2026-08-01 19:24:56,427 - INFO - main.py:31 - main - Starting to fetch XML data from https://www.mostcomputers.bg/api/product/xml
2026-08-01 19:25:01,483 - INFO - main.py:33 - main - XML data fetched successfully
2026-08-01 19:25:01,483 - INFO - main.py:36 - main - Parsing XML data
2026-08-01 19:25:01,709 - INFO - main.py:38 - main - XML data parsed successfully
2026-08-01 19:25:01,709 - INFO - main.py:41 - main - Creating database tables
2026-08-01 19:25:01,751 - INFO - main.py:43 - main - Database tables created successfully
2026-08-01 19:25:01,751 - INFO - main.py:46 - main - Inserting products into the database
2026-08-01 19:25:07,811 - INFO - main.py:48 - main - Products inserted successfully
2026-08-01 19:25:07,811 - INFO - main.py:52 - main - Total execution time: 11.38 seconds
2026-08-01 19:26:33,344 - INFO - main.py:31 - main - Starting to fetch XML data from https://www.mostcomputers.bg/api/product/xml
2026-08-01 19:26:36,706 - INFO - main.py:33 - main - XML data fetched successfully
2026-08-01 19:26:36,706 - INFO - main.py:36 - main - Parsing XML data
2026-08-01 19:26:36,950 - INFO - main.py:38 - main - XML data parsed successfully
2026-08-01 19:26:36,950 - INFO - main.py:41 - main - Creating database tables
2026-08-01 19:26:36,962 - INFO - main.py:43 - main - Database tables created successfully
2026-08-01 19:26:36,962 - INFO - main.py:46 - main - Inserting products into the database
2026-08-01 19:26:42,895 - INFO - main.py:48 - main - Products inserted successfully
2026-08-01 19:26:42,895 - INFO - main.py:52 - main - Total execution time: 9.55 seconds
2026-08-01 19:31:03,952 - INFO - main.py:31 - main - Starting to fetch XML data from https://www.mostcomputers.bg/api/product/xml
2026-08-01 19:31:09,463 - INFO - main.py:33 - main - XML data fetched successfully
2026-08-01 19:31:09,463 - INFO - main.py:36 - main - Parsing XML data
2026-08-01 19:31:09,690 - INFO - main.py:38 - main - XML data parsed successfully
2026-08-01 19:31:09,690 - INFO - main.py:41 - main - Creating database tables
2026-08-01 19:31:09,702 - INFO - main.py:43 - main - Database tables created successfully
2026-08-01 19:31:09,702 - INFO - main.py:46 - main - Inserting products into the database
2026-08-01 19:31:14,960 - INFO - main.py:48 - main - Products inserted successfully
2026-08-01 19:31:14,960 - INFO - main.py:52 - main - Total execution time: 11.01 seconds
2026-08-01 19:31:47,729 - INFO - main.py:31 - main - Starting to fetch XML data from https://www.mostcomputers.bg/api/product/xml
2026-08-01 19:31:52,546 - INFO - main.py:33 - main - XML data fetched successfully
2026-08-01 19:31:52,546 - INFO - main.py:36 - main - Parsing XML data
2026-08-01 19:31:52,781 - INFO - main.py:38 - main - XML data parsed successfully
2026-08-01 19:31:52,781 - INFO - main.py:41 - main - Creating database tables
2026-08-01 19:31:52,793 - INFO - main.py:43 - main - Database tables created successfully
2026-08-01 19:31:52,793 - INFO - main.py:46 - main - Inserting products into the database
2026-08-01 19:31:55,134 - INFO - main.py:48 - main - Products inserted successfully
2026-08-01 19:31:55,134 - INFO - main.py:52 - main - Total execution time: 7.40 seconds
2026-08-01 21:23:12,449 - INFO - main.py:31 - main - Starting to fetch XML data from https://www.mostcomputers.bg/api/product/xml
2026-08-01 21:23:34,145 - INFO - main.py:31 - main - Starting to fetch XML data from https://www.mostcomputers.bg/api/product/xml
2026-08-01 21:23:37,979 - INFO - main.py:33 - main - XML data fetched successfully
2026-08-01 21:23:37,979 - INFO - main.py:36 - main - Parsing XML data
2026-08-01 21:23:38,251 - INFO - main.py:38 - main - XML data parsed successfully
2026-08-01 21:23:38,251 - INFO - main.py:41 - main - Creating database tables
2026-08-01 21:23:38,272 - INFO - main.py:43 - main - Database tables created successfully
2026-08-01 21:23:38,272 - INFO - main.py:46 - main - Inserting products into the database
2026-08-01 21:23:39,252 - INFO - main.py:48 - main - Products inserted successfully
2026-08-01 21:23:39,252 - INFO - main.py:52 - main - Total execution time: 5.11 seconds
2026-08-01 21:24:49,686 - INFO - main.py:31 - main - Starting to fetch XML data from https://www.mostcomputers.bg/api/product/xml
2026-08-01 21:24:53,057 - INFO - main.py:33 - main - XML data fetched successfully
2026-08-01 21:24:53,057 - INFO - main.py:36 - main - Parsing XML data
2026-08-01 21:24:53,307 - INFO - main.py:38 - main - XML data parsed successfully
2026-08-01 21:24:53,307 - INFO - main.py:41 - main - Creating database tables
2026-08-01 21:24:53,320 - INFO - main.py:43 - main - Database tables created successfully
2026-08-01 21:24:53,320 - INFO - main.py:46 - main - Inserting products into the database
2026-08-01 21:24:53,338 - ERROR - main.py:55 - main - An error occurred: name 'Json' is not defined
2026-08-01 21:25:36,546 - INFO - main.py:31 - main - Starting to fetch XML data from https://www.mostcomputers.bg/api/product/xml
2026-08-01 21:25:42,503 - INFO - main.py:33 - main - XML data fetched successfully
2026-08-01 21:25:42,503 - INFO - main.py:36 - main - Parsing XML data
2026-08-01 21:25:42,741 - INFO - main.py:38 - main - XML data parsed successfully
2026-08-01 21:25:42,742 - INFO - main.py:41 - main - Creating database tables
2026-08-01 21:25:42,754 - INFO - main.py:43 - main - Database tables created successfully
2026-08-01 21:25:42,754 - INFO - main.py:46 - main - Inserting products into the database
2026-08-01 21:25:45,110 - INFO - main.py:48 - main - Products inserted successfully
2026-08-01 21:25:45,110 - INFO - main.py:52 - main - Total execution time: 8.56 seconds
2026-08-01 21:28:39,419 - INFO - main.py:31 - main - Starting to fetch XML data from https://www.mostcomputers.bg/api/product/xml
2026-08-01 21:28:44,605 - INFO - main.py:33 - main - XML data fetched successfully
2026-08-01 21:28:44,605 - INFO - main.py:36 - main - Parsing XML data
2026-08-01 21:28:44,837 - INFO - main.py:38 - main - XML data parsed successfully
2026-08-01 21:28:44,837 - INFO - main.py:41 - main - Creating database tables
2026-08-01 21:28:44,858 - INFO - main.py:43 - main - Database tables created successfully
2026-08-01 21:28:44,858 - INFO - main.py:46 - main - Inserting products into the database
2026-08-01 21:28:47,236 - INFO - main.py:48 - main - Products inserted successfully
2026-08-01 21:28:47,236 - INFO - main.py:52 - main - Total execution time: 7.82 seconds
